Archive member included because of file (symbol)

c:/winavr-20100110/bin/../lib/gcc/avr/4.3.3/avr5\libgcc.a(_exit.o)
                              c:/winavr-20100110/bin/../lib/gcc/avr/4.3.3/../../../../avr/lib/avr5/crtm32.o (exit)
c:/winavr-20100110/bin/../lib/gcc/avr/4.3.3/avr5\libgcc.a(_copy_data.o)
                              ./Application/Password_Check/Psw.o (__do_copy_data)
c:/winavr-20100110/bin/../lib/gcc/avr/4.3.3/avr5\libgcc.a(_clear_bss.o)
                              ./Application/application.o (__do_clear_bss)
c:/winavr-20100110/bin/../lib/gcc/avr/4.3.3/../../../../avr/lib/avr5\libc.a(strcmp.o)
                              ./Application/Password_Check/Psw.o (strcmp)

Allocating common symbols
Common symbol       size              file

temp_char           0x1               ./Application/application.o
input_username_string
                    0x14              ./Application/application.o
Current_State       0x1               ./Application/application.o
input_psw_string    0x14              ./Application/application.o
input_temp_string   0x14              ./Application/application.o

Memory Configuration

Name             Origin             Length             Attributes
text             0x00000000         0x00020000         xr
data             0x00800060         0x0000ffa0         rw !x
eeprom           0x00810000         0x00010000         rw !x
fuse             0x00820000         0x00000400         rw !x
lock             0x00830000         0x00000400         rw !x
signature        0x00840000         0x00000400         rw !x
*default*        0x00000000         0xffffffff

Linker script and memory map

LOAD c:/winavr-20100110/bin/../lib/gcc/avr/4.3.3/../../../../avr/lib/avr5/crtm32.o
LOAD ./MCAL/ATMEGA32/UART/UART_program.o
LOAD ./MCAL/ATMEGA32/TWI/TWI_prog.o
LOAD ./MCAL/ATMEGA32/TMR/TMR_program.o
LOAD ./MCAL/ATMEGA32/PWM/PWM_program.o
LOAD ./MCAL/ATMEGA32/GIE/GIE_program.o
LOAD ./MCAL/ATMEGA32/EXTI/EXTI_program.o
LOAD ./MCAL/ATMEGA32/DIO/DIO_program.o
LOAD ./HAL/SERVO/servo_program.o
LOAD ./HAL/PBD/PBD_program.o
LOAD ./HAL/LED/led_program.o
LOAD ./HAL/EEPROM/EEPROM_program.o
LOAD ./HAL/BUZZER/buzzer_program.o
LOAD ./Application/String_Functions/string_functions.o
LOAD ./Application/Password_Check/Psw.o
LOAD ./Application/Normal_User/normal.o
LOAD ./Application/Master_User/master.o
LOAD ./Application/application.o
LOAD ./main.o
LOAD c:/winavr-20100110/bin/../lib/gcc/avr/4.3.3/avr5\libgcc.a
LOAD c:/winavr-20100110/bin/../lib/gcc/avr/4.3.3/../../../../avr/lib/avr5\libc.a
LOAD c:/winavr-20100110/bin/../lib/gcc/avr/4.3.3/avr5\libgcc.a

.hash
 *(.hash)

.dynsym
 *(.dynsym)

.dynstr
 *(.dynstr)

.gnu.version
 *(.gnu.version)

.gnu.version_d
 *(.gnu.version_d)

.gnu.version_r
 *(.gnu.version_r)

.rel.init
 *(.rel.init)

.rela.init
 *(.rela.init)

.rel.text
 *(.rel.text)
 *(.rel.text.*)
 *(.rel.gnu.linkonce.t*)

.rela.text
 *(.rela.text)
 *(.rela.text.*)
 *(.rela.gnu.linkonce.t*)

.rel.fini
 *(.rel.fini)

.rela.fini
 *(.rela.fini)

.rel.rodata
 *(.rel.rodata)
 *(.rel.rodata.*)
 *(.rel.gnu.linkonce.r*)

.rela.rodata
 *(.rela.rodata)
 *(.rela.rodata.*)
 *(.rela.gnu.linkonce.r*)

.rel.data
 *(.rel.data)
 *(.rel.data.*)
 *(.rel.gnu.linkonce.d*)

.rela.data
 *(.rela.data)
 *(.rela.data.*)
 *(.rela.gnu.linkonce.d*)

.rel.ctors
 *(.rel.ctors)

.rela.ctors
 *(.rela.ctors)

.rel.dtors
 *(.rel.dtors)

.rela.dtors
 *(.rela.dtors)

.rel.got
 *(.rel.got)

.rela.got
 *(.rela.got)

.rel.bss
 *(.rel.bss)

.rela.bss
 *(.rela.bss)

.rel.plt
 *(.rel.plt)

.rela.plt
 *(.rela.plt)

.text           0x00000000     0x378e
 *(.vectors)
 .vectors       0x00000000       0x54 c:/winavr-20100110/bin/../lib/gcc/avr/4.3.3/../../../../avr/lib/avr5/crtm32.o
                0x00000000                __vectors
                0x00000000                __vector_default
 *(.vectors)
 *(.progmem.gcc*)
 *(.progmem*)
                0x00000054                . = ALIGN (0x2)
                0x00000054                __trampolines_start = .
 *(.trampolines)
 .trampolines   0x00000054        0x0 linker stubs
 *(.trampolines*)
                0x00000054                __trampolines_end = .
 *(.jumptables)
 *(.jumptables*)
 *(.lowtext)
 *(.lowtext*)
                0x00000054                __ctors_start = .
 *(.ctors)
                0x00000054                __ctors_end = .
                0x00000054                __dtors_start = .
 *(.dtors)
                0x00000054                __dtors_end = .
 SORT(*)(.ctors)
 SORT(*)(.dtors)
 *(.init0)
 .init0         0x00000054        0x0 c:/winavr-20100110/bin/../lib/gcc/avr/4.3.3/../../../../avr/lib/avr5/crtm32.o
                0x00000054                __init
 *(.init0)
 *(.init1)
 *(.init1)
 *(.init2)
 .init2         0x00000054        0xc c:/winavr-20100110/bin/../lib/gcc/avr/4.3.3/../../../../avr/lib/avr5/crtm32.o
 *(.init2)
 *(.init3)
 *(.init3)
 *(.init4)
 .init4         0x00000060       0x16 c:/winavr-20100110/bin/../lib/gcc/avr/4.3.3/avr5\libgcc.a(_copy_data.o)
                0x00000060                __do_copy_data
 .init4         0x00000076       0x10 c:/winavr-20100110/bin/../lib/gcc/avr/4.3.3/avr5\libgcc.a(_clear_bss.o)
                0x00000076                __do_clear_bss
 *(.init4)
 *(.init5)
 *(.init5)
 *(.init6)
 *(.init6)
 *(.init7)
 *(.init7)
 *(.init8)
 *(.init8)
 *(.init9)
 .init9         0x00000086        0x8 c:/winavr-20100110/bin/../lib/gcc/avr/4.3.3/../../../../avr/lib/avr5/crtm32.o
 *(.init9)
 *(.text)
 .text          0x0000008e        0x4 c:/winavr-20100110/bin/../lib/gcc/avr/4.3.3/../../../../avr/lib/avr5/crtm32.o
                0x0000008e                __vector_1
                0x0000008e                __vector_12
                0x0000008e                __bad_interrupt
                0x0000008e                __vector_6
                0x0000008e                __vector_3
                0x0000008e                __vector_11
                0x0000008e                __vector_13
                0x0000008e                __vector_17
                0x0000008e                __vector_19
                0x0000008e                __vector_7
                0x0000008e                __vector_5
                0x0000008e                __vector_4
                0x0000008e                __vector_9
                0x0000008e                __vector_2
                0x0000008e                __vector_15
                0x0000008e                __vector_8
                0x0000008e                __vector_14
                0x0000008e                __vector_10
                0x0000008e                __vector_16
                0x0000008e                __vector_18
                0x0000008e                __vector_20
 .text          0x00000092        0x0 ./MCAL/ATMEGA32/UART/UART_program.o
 .text          0x00000092        0x0 ./MCAL/ATMEGA32/TWI/TWI_prog.o
 .text          0x00000092        0x0 ./MCAL/ATMEGA32/TMR/TMR_program.o
 .text          0x00000092        0x0 ./MCAL/ATMEGA32/PWM/PWM_program.o
 .text          0x00000092        0x0 ./MCAL/ATMEGA32/GIE/GIE_program.o
 .text          0x00000092        0x0 ./MCAL/ATMEGA32/EXTI/EXTI_program.o
 .text          0x00000092        0x0 ./MCAL/ATMEGA32/DIO/DIO_program.o
 .text          0x00000092        0x0 ./HAL/SERVO/servo_program.o
 .text          0x00000092        0x0 ./HAL/PBD/PBD_program.o
 .text          0x00000092        0x0 ./HAL/LED/led_program.o
 .text          0x00000092        0x0 ./HAL/EEPROM/EEPROM_program.o
 .text          0x00000092        0x0 ./HAL/BUZZER/buzzer_program.o
 .text          0x00000092        0x0 ./Application/String_Functions/string_functions.o
 .text          0x00000092        0x0 ./Application/Password_Check/Psw.o
 .text          0x00000092        0x0 ./Application/Normal_User/normal.o
 .text          0x00000092        0x0 ./Application/Master_User/master.o
 .text          0x00000092        0x0 ./Application/application.o
 .text          0x00000092        0x0 ./main.o
 .text          0x00000092        0x0 c:/winavr-20100110/bin/../lib/gcc/avr/4.3.3/avr5\libgcc.a(_exit.o)
 .text          0x00000092        0x0 c:/winavr-20100110/bin/../lib/gcc/avr/4.3.3/avr5\libgcc.a(_copy_data.o)
 .text          0x00000092        0x0 c:/winavr-20100110/bin/../lib/gcc/avr/4.3.3/avr5\libgcc.a(_clear_bss.o)
 .text          0x00000092        0x0 c:/winavr-20100110/bin/../lib/gcc/avr/4.3.3/../../../../avr/lib/avr5\libc.a(strcmp.o)
                0x00000092                . = ALIGN (0x2)
 *(.text.*)
 .text.UART_vInit
                0x00000092      0x2dc ./MCAL/ATMEGA32/UART/UART_program.o
                0x00000092                UART_vInit
 .text.UART_vEnable
                0x0000036e       0x34 ./MCAL/ATMEGA32/UART/UART_program.o
                0x0000036e                UART_vEnable
 .text.UART_vDisable
                0x000003a2       0x34 ./MCAL/ATMEGA32/UART/UART_program.o
                0x000003a2                UART_vDisable
 .text.UART_vSendData
                0x000003d6       0x34 ./MCAL/ATMEGA32/UART/UART_program.o
                0x000003d6                UART_vSendData
 .text.UART_u8ReceiveData
                0x0000040a       0x3a ./MCAL/ATMEGA32/UART/UART_program.o
                0x0000040a                UART_u8ReceiveData
 .text.UART_vSendString
                0x00000444       0x3a ./MCAL/ATMEGA32/UART/UART_program.o
                0x00000444                UART_vSendString
 .text.TWI_vInit
                0x0000047e       0x44 ./MCAL/ATMEGA32/TWI/TWI_prog.o
                0x0000047e                TWI_vInit
 .text.TWI_vStart
                0x000004c2       0x20 ./MCAL/ATMEGA32/TWI/TWI_prog.o
                0x000004c2                TWI_vStart
 .text.TWI_vStop
                0x000004e2       0x16 ./MCAL/ATMEGA32/TWI/TWI_prog.o
                0x000004e2                TWI_vStop
 .text.TWI_vWriteData
                0x000004f8       0x2e ./MCAL/ATMEGA32/TWI/TWI_prog.o
                0x000004f8                TWI_vWriteData
 .text.TWI_u8ReadWithAck
                0x00000526       0x4c ./MCAL/ATMEGA32/TWI/TWI_prog.o
                0x00000526                TWI_u8ReadWithAck
 .text.TWI_u8ReadWithNoAck
                0x00000572       0x3e ./MCAL/ATMEGA32/TWI/TWI_prog.o
                0x00000572                TWI_u8ReadWithNoAck
 .text.TWI_u8GetStatus
                0x000005b0       0x1e ./MCAL/ATMEGA32/TWI/TWI_prog.o
                0x000005b0                TWI_u8GetStatus
 .text.TMR_vInit
                0x000005ce      0x538 ./MCAL/ATMEGA32/TMR/TMR_program.o
                0x000005ce                TMR_vInit
 .text.TMR_vStartTimer
                0x00000b06      0x364 ./MCAL/ATMEGA32/TMR/TMR_program.o
                0x00000b06                TMR_vStartTimer
 .text.TMR_vStop
                0x00000e6a       0x8c ./MCAL/ATMEGA32/TMR/TMR_program.o
                0x00000e6a                TMR_vStop
 .text.TMR_vSetICRValue
                0x00000ef6       0x48 ./MCAL/ATMEGA32/TMR/TMR_program.o
                0x00000ef6                TMR_vSetICRValue
 .text.TMR_vSetOCRValue
                0x00000f3e       0x88 ./MCAL/ATMEGA32/TMR/TMR_program.o
                0x00000f3e                TMR_vSetOCRValue
 .text.PWM_vInit
                0x00000fc6      0x882 ./MCAL/ATMEGA32/PWM/PWM_program.o
                0x00000fc6                PWM_vInit
 .text.PWM_vSetICR
                0x00001848       0x48 ./MCAL/ATMEGA32/PWM/PWM_program.o
                0x00001848                PWM_vSetICR
 .text.PWM_vSetOCR
                0x00001890       0x88 ./MCAL/ATMEGA32/PWM/PWM_program.o
                0x00001890                PWM_vSetOCR
 .text.PWM_vStart
                0x00001918      0x364 ./MCAL/ATMEGA32/PWM/PWM_program.o
                0x00001918                PWM_vStart
 .text.PWM_vStop
                0x00001c7c       0x8c ./MCAL/ATMEGA32/PWM/PWM_program.o
                0x00001c7c                PWM_vStop
 .text.GIE_vEnableInterrupts
                0x00001d08       0x1c ./MCAL/ATMEGA32/GIE/GIE_program.o
                0x00001d08                GIE_vEnableInterrupts
 .text.GIE_vDisableInterrupts
                0x00001d24       0x1c ./MCAL/ATMEGA32/GIE/GIE_program.o
                0x00001d24                GIE_vDisableInterrupts
 .text.EXTI_vEnableEXTI
                0x00001d40      0x1e6 ./MCAL/ATMEGA32/EXTI/EXTI_program.o
                0x00001d40                EXTI_vEnableEXTI
 .text.EXTI_vDisableEXTI
                0x00001f26       0x76 ./MCAL/ATMEGA32/EXTI/EXTI_program.o
                0x00001f26                EXTI_vDisableEXTI
 .text.DIO_vPinInit
                0x00001f9c       0x36 ./MCAL/ATMEGA32/DIO/DIO_program.o
                0x00001f9c                DIO_vPinInit
 .text.DIO_vSetPinDir
                0x00001fd2      0x200 ./MCAL/ATMEGA32/DIO/DIO_program.o
                0x00001fd2                DIO_vSetPinDir
 .text.DIO_vSetPinValue
                0x000021d2      0x200 ./MCAL/ATMEGA32/DIO/DIO_program.o
                0x000021d2                DIO_vSetPinValue
 .text.DIO_u8ReadPinValue
                0x000023d2       0xf4 ./MCAL/ATMEGA32/DIO/DIO_program.o
                0x000023d2                DIO_u8ReadPinValue
 .text.DIO_vTogglePinValue
                0x000024c6       0xfa ./MCAL/ATMEGA32/DIO/DIO_program.o
                0x000024c6                DIO_vTogglePinValue
 .text.DIO_vSetGroupDir
                0x000025c0       0xf2 ./MCAL/ATMEGA32/DIO/DIO_program.o
                0x000025c0                DIO_vSetGroupDir
 .text.DIO_vSetGroupValue
                0x000026b2       0xa6 ./MCAL/ATMEGA32/DIO/DIO_program.o
                0x000026b2                DIO_vSetGroupValue
 .text.DIO_u8ReadGroupValue
                0x00002758       0x84 ./MCAL/ATMEGA32/DIO/DIO_program.o
                0x00002758                DIO_u8ReadGroupValue
 .text.DIO_vSet4LSBDir
                0x000027dc      0x12e ./MCAL/ATMEGA32/DIO/DIO_program.o
                0x000027dc                DIO_vSet4LSBDir
 .text.DIO_vSet4MSBDir
                0x0000290a      0x12e ./MCAL/ATMEGA32/DIO/DIO_program.o
                0x0000290a                DIO_vSet4MSBDir
 .text.DIO_vSet4LSBValue
                0x00002a38       0xba ./MCAL/ATMEGA32/DIO/DIO_program.o
                0x00002a38                DIO_vSet4LSBValue
 .text.DIO_vSet4MSBValue
                0x00002af2       0xba ./MCAL/ATMEGA32/DIO/DIO_program.o
                0x00002af2                DIO_vSet4MSBValue
 .text.SERVO_vInit
                0x00002bac       0x70 ./HAL/SERVO/servo_program.o
                0x00002bac                SERVO_vInit
 .text.SERVO_vChangeDirection
                0x00002c1c       0x84 ./HAL/SERVO/servo_program.o
                0x00002c1c                SERVO_vChangeDirection
 .text.SERVO_vStart
                0x00002ca0       0x20 ./HAL/SERVO/servo_program.o
                0x00002ca0                SERVO_vStart
 .text.SERVO_vStop
                0x00002cc0       0x20 ./HAL/SERVO/servo_program.o
                0x00002cc0                SERVO_vStop
 .text.PBD_vInit
                0x00002ce0       0x96 ./HAL/PBD/PBD_program.o
                0x00002ce0                PBD_vInit
 .text.PBD_vGetButtonState
                0x00002d76       0xc4 ./HAL/PBD/PBD_program.o
                0x00002d76                PBD_vGetButtonState
 .text.LED_vInit
                0x00002e3a       0x8a ./HAL/LED/led_program.o
                0x00002e3a                LED_vInit
 .text.LED_vTurnOn
                0x00002ec4       0x48 ./HAL/LED/led_program.o
                0x00002ec4                LED_vTurnOn
 .text.LED_vTurnOff
                0x00002f0c       0x48 ./HAL/LED/led_program.o
                0x00002f0c                LED_vTurnOff
 .text.LED_vToggle
                0x00002f54       0x44 ./HAL/LED/led_program.o
                0x00002f54                LED_vToggle
 .text.EEPROM_vinit
                0x00002f98       0x12 ./HAL/EEPROM/EEPROM_program.o
                0x00002f98                EEPROM_vinit
 .text.EEPROM_u8WriteByte
                0x00002faa       0x76 ./HAL/EEPROM/EEPROM_program.o
                0x00002faa                EEPROM_u8WriteByte
 .text.EEPROM_u8ReadByte
                0x00003020       0x98 ./HAL/EEPROM/EEPROM_program.o
                0x00003020                EEPROM_u8ReadByte
 .text.BUZZER_vInit
                0x000030b8       0x3a ./HAL/BUZZER/buzzer_program.o
                0x000030b8                BUZZER_vInit
 .text.BUZZER_vShortBeep
                0x000030f2       0x7e ./HAL/BUZZER/buzzer_program.o
                0x000030f2                BUZZER_vShortBeep
 .text.BUZZER_vLongBeep
                0x00003170       0xa0 ./HAL/BUZZER/buzzer_program.o
                0x00003170                BUZZER_vLongBeep
 .text.app_copy_string
                0x00003210       0x7a ./Application/String_Functions/string_functions.o
                0x00003210                app_copy_string
 .text.app_clear_string
                0x0000328a       0x54 ./Application/String_Functions/string_functions.o
                0x0000328a                app_clear_string
 .text.psw_Check_Credentials
                0x000032de       0x80 ./Application/Password_Check/Psw.o
                0x000032de                psw_Check_Credentials
 .text.psw_Check_If_Master
                0x0000335e       0xf8 ./Application/Password_Check/Psw.o
 .text.master_main_interface
                0x00003456       0xc8 ./Application/Master_User/master.o
                0x00003456                master_main_interface
 .text.master_add_user
                0x0000351e       0x16 ./Application/Master_User/master.o
 .text.master_remove_user
                0x00003534       0x16 ./Application/Master_User/master.o
 .text.master_list_users
                0x0000354a       0x16 ./Application/Master_User/master.o
 .text.app_vInit
                0x00003560       0x22 ./Application/application.o
                0x00003560                app_vInit
 .text.app_ReceiveInput
                0x00003582       0xd4 ./Application/application.o
                0x00003582                app_ReceiveInput
 .text.main     0x00003656      0x122 ./main.o
                0x00003656                main
 .text.libgcc   0x00003778        0x0 c:/winavr-20100110/bin/../lib/gcc/avr/4.3.3/avr5\libgcc.a(_exit.o)
 .text.libgcc   0x00003778        0x0 c:/winavr-20100110/bin/../lib/gcc/avr/4.3.3/avr5\libgcc.a(_copy_data.o)
 .text.libgcc   0x00003778        0x0 c:/winavr-20100110/bin/../lib/gcc/avr/4.3.3/avr5\libgcc.a(_clear_bss.o)
 .text.avr-libc
                0x00003778       0x12 c:/winavr-20100110/bin/../lib/gcc/avr/4.3.3/../../../../avr/lib/avr5\libc.a(strcmp.o)
                0x00003778                strcmp
                0x0000378a                . = ALIGN (0x2)
 *(.fini9)
 .fini9         0x0000378a        0x0 c:/winavr-20100110/bin/../lib/gcc/avr/4.3.3/avr5\libgcc.a(_exit.o)
                0x0000378a                exit
                0x0000378a                _exit
 *(.fini9)
 *(.fini8)
 *(.fini8)
 *(.fini7)
 *(.fini7)
 *(.fini6)
 *(.fini6)
 *(.fini5)
 *(.fini5)
 *(.fini4)
 *(.fini4)
 *(.fini3)
 *(.fini3)
 *(.fini2)
 *(.fini2)
 *(.fini1)
 *(.fini1)
 *(.fini0)
 .fini0         0x0000378a        0x4 c:/winavr-20100110/bin/../lib/gcc/avr/4.3.3/avr5\libgcc.a(_exit.o)
 *(.fini0)
                0x0000378e                _etext = .

.data           0x00800060      0x25e load address 0x0000378e
                0x00800060                PROVIDE (__data_start, .)
 *(.data)
 .data          0x00800060        0x0 c:/winavr-20100110/bin/../lib/gcc/avr/4.3.3/../../../../avr/lib/avr5/crtm32.o
 .data          0x00800060        0x0 ./MCAL/ATMEGA32/UART/UART_program.o
 .data          0x00800060        0x0 ./MCAL/ATMEGA32/TWI/TWI_prog.o
 .data          0x00800060        0x0 ./MCAL/ATMEGA32/TMR/TMR_program.o
 .data          0x00800060        0x0 ./MCAL/ATMEGA32/PWM/PWM_program.o
 .data          0x00800060        0x0 ./MCAL/ATMEGA32/GIE/GIE_program.o
 .data          0x00800060        0x0 ./MCAL/ATMEGA32/EXTI/EXTI_program.o
 .data          0x00800060        0x0 ./MCAL/ATMEGA32/DIO/DIO_program.o
 .data          0x00800060        0x0 ./HAL/SERVO/servo_program.o
 .data          0x00800060        0x0 ./HAL/PBD/PBD_program.o
 .data          0x00800060        0x0 ./HAL/LED/led_program.o
 .data          0x00800060        0x0 ./HAL/EEPROM/EEPROM_program.o
 .data          0x00800060        0x0 ./HAL/BUZZER/buzzer_program.o
 .data          0x00800060        0x0 ./Application/String_Functions/string_functions.o
 .data          0x00800060       0x14 ./Application/Password_Check/Psw.o
 .data          0x00800074        0x0 ./Application/Normal_User/normal.o
 .data          0x00800074      0x131 ./Application/Master_User/master.o
 .data          0x008001a5        0x3 ./Application/application.o
 .data          0x008001a8       0xaf ./main.o
 .data          0x00800257        0x0 c:/winavr-20100110/bin/../lib/gcc/avr/4.3.3/avr5\libgcc.a(_exit.o)
 .data          0x00800257        0x0 c:/winavr-20100110/bin/../lib/gcc/avr/4.3.3/avr5\libgcc.a(_copy_data.o)
 .data          0x00800257        0x0 c:/winavr-20100110/bin/../lib/gcc/avr/4.3.3/avr5\libgcc.a(_clear_bss.o)
 .data          0x00800257        0x0 c:/winavr-20100110/bin/../lib/gcc/avr/4.3.3/../../../../avr/lib/avr5\libc.a(strcmp.o)
 *(.data*)
 .data.saved_user1
                0x00800257       0x14 ./Application/Password_Check/Psw.o
                0x00800257                saved_user1
 .data.saved_user1_psw
                0x0080026b       0x14 ./Application/Password_Check/Psw.o
                0x0080026b                saved_user1_psw
 .data.saved_user2
                0x0080027f       0x14 ./Application/Password_Check/Psw.o
                0x0080027f                saved_user2
 .data.saved_user2_psw
                0x00800293       0x14 ./Application/Password_Check/Psw.o
                0x00800293                saved_user2_psw
 .data.RED_LED  0x008002a7        0x1 ./Application/application.o
                0x008002a7                RED_LED
 .data.UART1    0x008002a8        0x9 ./Application/application.o
                0x008002a8                UART1
 .data.SERVO1   0x008002b1        0xd ./Application/application.o
                0x008002b1                SERVO1
 *(.rodata)
 *(.rodata*)
 *(.gnu.linkonce.d*)
                0x008002be                . = ALIGN (0x2)
                0x008002be                _edata = .
                0x008002be                PROVIDE (__data_end, .)

.bss            0x008002be       0x3f
                0x008002be                PROVIDE (__bss_start, .)
 *(.bss)
 .bss           0x008002be        0x0 c:/winavr-20100110/bin/../lib/gcc/avr/4.3.3/../../../../avr/lib/avr5/crtm32.o
 .bss           0x008002be        0x0 ./MCAL/ATMEGA32/UART/UART_program.o
 .bss           0x008002be        0x0 ./MCAL/ATMEGA32/TWI/TWI_prog.o
 .bss           0x008002be        0x0 ./MCAL/ATMEGA32/TMR/TMR_program.o
 .bss           0x008002be        0x0 ./MCAL/ATMEGA32/PWM/PWM_program.o
 .bss           0x008002be        0x0 ./MCAL/ATMEGA32/GIE/GIE_program.o
 .bss           0x008002be        0x0 ./MCAL/ATMEGA32/EXTI/EXTI_program.o
 .bss           0x008002be        0x0 ./MCAL/ATMEGA32/DIO/DIO_program.o
 .bss           0x008002be        0x0 ./HAL/SERVO/servo_program.o
 .bss           0x008002be        0x0 ./HAL/PBD/PBD_program.o
 .bss           0x008002be        0x0 ./HAL/LED/led_program.o
 .bss           0x008002be        0x0 ./HAL/EEPROM/EEPROM_program.o
 .bss           0x008002be        0x0 ./HAL/BUZZER/buzzer_program.o
 .bss           0x008002be        0x0 ./Application/String_Functions/string_functions.o
 .bss           0x008002be        0x0 ./Application/Password_Check/Psw.o
 .bss           0x008002be        0x0 ./Application/Normal_User/normal.o
 .bss           0x008002be        0x0 ./Application/Master_User/master.o
 .bss           0x008002be        0x0 ./Application/application.o
 .bss           0x008002be        0x0 ./main.o
 .bss           0x008002be        0x0 c:/winavr-20100110/bin/../lib/gcc/avr/4.3.3/avr5\libgcc.a(_exit.o)
 .bss           0x008002be        0x0 c:/winavr-20100110/bin/../lib/gcc/avr/4.3.3/avr5\libgcc.a(_copy_data.o)
 .bss           0x008002be        0x0 c:/winavr-20100110/bin/../lib/gcc/avr/4.3.3/avr5\libgcc.a(_clear_bss.o)
 .bss           0x008002be        0x0 c:/winavr-20100110/bin/../lib/gcc/avr/4.3.3/../../../../avr/lib/avr5\libc.a(strcmp.o)
 *(.bss*)
 .bss.char_counter
                0x008002be        0x1 ./Application/application.o
                0x008002be                char_counter
 *(COMMON)
 COMMON         0x008002bf       0x3e ./Application/application.o
                0x008002bf                temp_char
                0x008002c0                input_username_string
                0x008002d4                Current_State
                0x008002d5                input_psw_string
                0x008002e9                input_temp_string
                0x008002fd                PROVIDE (__bss_end, .)
                0x0000378e                __data_load_start = LOADADDR (.data)
                0x000039ec                __data_load_end = (__data_load_start + SIZEOF (.data))

.noinit         0x008002fd        0x0
                0x008002fd                PROVIDE (__noinit_start, .)
 *(.noinit*)
                0x008002fd                PROVIDE (__noinit_end, .)
                0x008002fd                _end = .
                0x008002fd                PROVIDE (__heap_start, .)

.eeprom         0x00810000        0x0
 *(.eeprom*)
                0x00810000                __eeprom_end = .

.fuse
 *(.fuse)
 *(.lfuse)
 *(.hfuse)
 *(.efuse)

.lock
 *(.lock*)

.signature
 *(.signature*)

.stab           0x00000000     0x59d0
 *(.stab)
 .stab          0x00000000      0x6f0 ./MCAL/ATMEGA32/UART/UART_program.o
 .stab          0x000006f0      0x4c8 ./MCAL/ATMEGA32/TWI/TWI_prog.o
                                0x4d4 (size before relaxing)
 .stab          0x00000bb8      0x960 ./MCAL/ATMEGA32/TMR/TMR_program.o
                                0x96c (size before relaxing)
 .stab          0x00001518      0xc3c ./MCAL/ATMEGA32/PWM/PWM_program.o
                                0xc48 (size before relaxing)
 .stab          0x00002154      0x1e0 ./MCAL/ATMEGA32/GIE/GIE_program.o
                                0x1ec (size before relaxing)
 .stab          0x00002334      0x3d8 ./MCAL/ATMEGA32/EXTI/EXTI_program.o
                                0x3e4 (size before relaxing)
 .stab          0x0000270c      0x984 ./MCAL/ATMEGA32/DIO/DIO_program.o
                                0x990 (size before relaxing)
 .stab          0x00003090      0x444 ./HAL/SERVO/servo_program.o
                                0x450 (size before relaxing)
 .stab          0x000034d4      0x3cc ./HAL/PBD/PBD_program.o
                                0x3d8 (size before relaxing)
 .stab          0x000038a0      0x348 ./HAL/LED/led_program.o
                                0x354 (size before relaxing)
 .stab          0x00003be8      0x498 ./HAL/EEPROM/EEPROM_program.o
                                0x4a4 (size before relaxing)
 .stab          0x00004080      0x318 ./HAL/BUZZER/buzzer_program.o
                                0x324 (size before relaxing)
 .stab          0x00004398      0x2a0 ./Application/String_Functions/string_functions.o
                                0x2ac (size before relaxing)
 .stab          0x00004638      0x360 ./Application/Password_Check/Psw.o
                                0x36c (size before relaxing)
 .stab          0x00004998       0xd8 ./Application/Normal_User/normal.o
                                 0xe4 (size before relaxing)
 .stab          0x00004a70      0x450 ./Application/Master_User/master.o
                                0x45c (size before relaxing)
 .stab          0x00004ec0      0x7ec ./Application/application.o
                                0x81c (size before relaxing)
 .stab          0x000056ac      0x324 ./main.o
                                0x7c8 (size before relaxing)

.stabstr        0x00000000     0x5591
 *(.stabstr)
 .stabstr       0x00000000     0x5591 ./MCAL/ATMEGA32/UART/UART_program.o

.stab.excl
 *(.stab.excl)

.stab.exclstr
 *(.stab.exclstr)

.stab.index
 *(.stab.index)

.stab.indexstr
 *(.stab.indexstr)

.comment
 *(.comment)

.debug
 *(.debug)

.line
 *(.line)

.debug_srcinfo
 *(.debug_srcinfo)

.debug_sfnames
 *(.debug_sfnames)

.debug_aranges
 *(.debug_aranges)

.debug_pubnames
 *(.debug_pubnames)

.debug_info
 *(.debug_info)
 *(.gnu.linkonce.wi.*)

.debug_abbrev
 *(.debug_abbrev)

.debug_line
 *(.debug_line)

.debug_frame
 *(.debug_frame)

.debug_str
 *(.debug_str)

.debug_loc
 *(.debug_loc)

.debug_macinfo
 *(.debug_macinfo)
OUTPUT(Mobile.elf elf32-avr)
LOAD linker stubs
