Archive member included because of file (symbol)

c:/winavr-20100110/bin/../lib/gcc/avr/4.3.3/avr5\libgcc.a(_exit.o)
                              c:/winavr-20100110/bin/../lib/gcc/avr/4.3.3/../../../../avr/lib/avr5/crtm32.o (exit)
c:/winavr-20100110/bin/../lib/gcc/avr/4.3.3/avr5\libgcc.a(_copy_data.o)
                              ./Application/application.o (__do_copy_data)
c:/winavr-20100110/bin/../lib/gcc/avr/4.3.3/avr5\libgcc.a(_clear_bss.o)
                              ./Application/application.o (__do_clear_bss)
c:/winavr-20100110/bin/../lib/gcc/avr/4.3.3/avr5\libgcc.a(_fixunssfsi.o)
                              ./Application/application.o (__fixunssfsi)
c:/winavr-20100110/bin/../lib/gcc/avr/4.3.3/avr5\libgcc.a(_addsub_sf.o)
                              c:/winavr-20100110/bin/../lib/gcc/avr/4.3.3/avr5\libgcc.a(_fixunssfsi.o) (__subsf3)
c:/winavr-20100110/bin/../lib/gcc/avr/4.3.3/avr5\libgcc.a(_mul_sf.o)
                              ./Application/application.o (__mulsf3)
c:/winavr-20100110/bin/../lib/gcc/avr/4.3.3/avr5\libgcc.a(_gt_sf.o)
                              ./Application/application.o (__gtsf2)
c:/winavr-20100110/bin/../lib/gcc/avr/4.3.3/avr5\libgcc.a(_ge_sf.o)
                              c:/winavr-20100110/bin/../lib/gcc/avr/4.3.3/avr5\libgcc.a(_fixunssfsi.o) (__gesf2)
c:/winavr-20100110/bin/../lib/gcc/avr/4.3.3/avr5\libgcc.a(_lt_sf.o)
                              ./Application/application.o (__ltsf2)
c:/winavr-20100110/bin/../lib/gcc/avr/4.3.3/avr5\libgcc.a(_sf_to_si.o)
                              c:/winavr-20100110/bin/../lib/gcc/avr/4.3.3/avr5\libgcc.a(_fixunssfsi.o) (__fixsfsi)
c:/winavr-20100110/bin/../lib/gcc/avr/4.3.3/avr5\libgcc.a(_thenan_sf.o)
                              c:/winavr-20100110/bin/../lib/gcc/avr/4.3.3/avr5\libgcc.a(_addsub_sf.o) (__thenan_sf)
c:/winavr-20100110/bin/../lib/gcc/avr/4.3.3/avr5\libgcc.a(_prologue.o)
                              c:/winavr-20100110/bin/../lib/gcc/avr/4.3.3/avr5\libgcc.a(_addsub_sf.o) (__prologue_saves__)
c:/winavr-20100110/bin/../lib/gcc/avr/4.3.3/avr5\libgcc.a(_epilogue.o)
                              c:/winavr-20100110/bin/../lib/gcc/avr/4.3.3/avr5\libgcc.a(_addsub_sf.o) (__epilogue_restores__)
c:/winavr-20100110/bin/../lib/gcc/avr/4.3.3/avr5\libgcc.a(_pack_sf.o)
                              c:/winavr-20100110/bin/../lib/gcc/avr/4.3.3/avr5\libgcc.a(_addsub_sf.o) (__pack_f)
c:/winavr-20100110/bin/../lib/gcc/avr/4.3.3/avr5\libgcc.a(_unpack_sf.o)
                              c:/winavr-20100110/bin/../lib/gcc/avr/4.3.3/avr5\libgcc.a(_addsub_sf.o) (__unpack_f)
c:/winavr-20100110/bin/../lib/gcc/avr/4.3.3/avr5\libgcc.a(_fpcmp_parts_sf.o)
                              c:/winavr-20100110/bin/../lib/gcc/avr/4.3.3/avr5\libgcc.a(_gt_sf.o) (__fpcmp_parts_f)

Allocating common symbols
Common symbol       size              file

Entered_Password    0x32              ./Application/application.o
Entered_Username    0x32              ./Application/application.o

Memory Configuration

Name             Origin             Length             Attributes
text             0x00000000         0x00020000         xr
data             0x00800060         0x0000ffa0         rw !x
eeprom           0x00810000         0x00010000         rw !x
fuse             0x00820000         0x00000400         rw !x
lock             0x00830000         0x00000400         rw !x
signature        0x00840000         0x00000400         rw !x
*default*        0x00000000         0xffffffff

Linker script and memory map

LOAD c:/winavr-20100110/bin/../lib/gcc/avr/4.3.3/../../../../avr/lib/avr5/crtm32.o
LOAD ./MCAL/ATMEGA32/UART/UART_program.o
LOAD ./MCAL/ATMEGA32/TWI/TWI_prog.o
LOAD ./MCAL/ATMEGA32/TMR/TMR_program.o
LOAD ./MCAL/ATMEGA32/PWM/PWM_program.o
LOAD ./MCAL/ATMEGA32/GIE/GIE_program.o
LOAD ./MCAL/ATMEGA32/EXTI/EXTI_program.o
LOAD ./MCAL/ATMEGA32/DIO/DIO_program.o
LOAD ./HAL/SERVO/servo_program.o
LOAD ./HAL/PBD/PBD_program.o
LOAD ./HAL/LED/led_program.o
LOAD ./HAL/EEPROM/EEPROM_program.o
LOAD ./HAL/BUZZER/buzzer_program.o
LOAD ./Application/application.o
LOAD ./main.o
LOAD c:/winavr-20100110/bin/../lib/gcc/avr/4.3.3/avr5\libgcc.a
LOAD c:/winavr-20100110/bin/../lib/gcc/avr/4.3.3/../../../../avr/lib/avr5\libc.a
LOAD c:/winavr-20100110/bin/../lib/gcc/avr/4.3.3/avr5\libgcc.a

.hash
 *(.hash)

.dynsym
 *(.dynsym)

.dynstr
 *(.dynstr)

.gnu.version
 *(.gnu.version)

.gnu.version_d
 *(.gnu.version_d)

.gnu.version_r
 *(.gnu.version_r)

.rel.init
 *(.rel.init)

.rela.init
 *(.rela.init)

.rel.text
 *(.rel.text)
 *(.rel.text.*)
 *(.rel.gnu.linkonce.t*)

.rela.text
 *(.rela.text)
 *(.rela.text.*)
 *(.rela.gnu.linkonce.t*)

.rel.fini
 *(.rel.fini)

.rela.fini
 *(.rela.fini)

.rel.rodata
 *(.rel.rodata)
 *(.rel.rodata.*)
 *(.rel.gnu.linkonce.r*)

.rela.rodata
 *(.rela.rodata)
 *(.rela.rodata.*)
 *(.rela.gnu.linkonce.r*)

.rel.data
 *(.rel.data)
 *(.rel.data.*)
 *(.rel.gnu.linkonce.d*)

.rela.data
 *(.rela.data)
 *(.rela.data.*)
 *(.rela.gnu.linkonce.d*)

.rel.ctors
 *(.rel.ctors)

.rela.ctors
 *(.rela.ctors)

.rel.dtors
 *(.rel.dtors)

.rela.dtors
 *(.rela.dtors)

.rel.got
 *(.rel.got)

.rela.got
 *(.rela.got)

.rel.bss
 *(.rel.bss)

.rela.bss
 *(.rela.bss)

.rel.plt
 *(.rel.plt)

.rela.plt
 *(.rela.plt)

.text           0x00000000     0x42f4
 *(.vectors)
 .vectors       0x00000000       0x54 c:/winavr-20100110/bin/../lib/gcc/avr/4.3.3/../../../../avr/lib/avr5/crtm32.o
                0x00000000                __vectors
                0x00000000                __vector_default
 *(.vectors)
 *(.progmem.gcc*)
 *(.progmem*)
                0x00000054                . = ALIGN (0x2)
                0x00000054                __trampolines_start = .
 *(.trampolines)
 .trampolines   0x00000054        0x0 linker stubs
 *(.trampolines*)
                0x00000054                __trampolines_end = .
 *(.jumptables)
 *(.jumptables*)
 *(.lowtext)
 *(.lowtext*)
                0x00000054                __ctors_start = .
 *(.ctors)
                0x00000054                __ctors_end = .
                0x00000054                __dtors_start = .
 *(.dtors)
                0x00000054                __dtors_end = .
 SORT(*)(.ctors)
 SORT(*)(.dtors)
 *(.init0)
 .init0         0x00000054        0x0 c:/winavr-20100110/bin/../lib/gcc/avr/4.3.3/../../../../avr/lib/avr5/crtm32.o
                0x00000054                __init
 *(.init0)
 *(.init1)
 *(.init1)
 *(.init2)
 .init2         0x00000054        0xc c:/winavr-20100110/bin/../lib/gcc/avr/4.3.3/../../../../avr/lib/avr5/crtm32.o
 *(.init2)
 *(.init3)
 *(.init3)
 *(.init4)
 .init4         0x00000060       0x16 c:/winavr-20100110/bin/../lib/gcc/avr/4.3.3/avr5\libgcc.a(_copy_data.o)
                0x00000060                __do_copy_data
 .init4         0x00000076       0x10 c:/winavr-20100110/bin/../lib/gcc/avr/4.3.3/avr5\libgcc.a(_clear_bss.o)
                0x00000076                __do_clear_bss
 *(.init4)
 *(.init5)
 *(.init5)
 *(.init6)
 *(.init6)
 *(.init7)
 *(.init7)
 *(.init8)
 *(.init8)
 *(.init9)
 .init9         0x00000086        0x8 c:/winavr-20100110/bin/../lib/gcc/avr/4.3.3/../../../../avr/lib/avr5/crtm32.o
 *(.init9)
 *(.text)
 .text          0x0000008e        0x4 c:/winavr-20100110/bin/../lib/gcc/avr/4.3.3/../../../../avr/lib/avr5/crtm32.o
                0x0000008e                __vector_1
                0x0000008e                __vector_12
                0x0000008e                __bad_interrupt
                0x0000008e                __vector_6
                0x0000008e                __vector_3
                0x0000008e                __vector_11
                0x0000008e                __vector_13
                0x0000008e                __vector_17
                0x0000008e                __vector_19
                0x0000008e                __vector_7
                0x0000008e                __vector_5
                0x0000008e                __vector_4
                0x0000008e                __vector_9
                0x0000008e                __vector_2
                0x0000008e                __vector_15
                0x0000008e                __vector_8
                0x0000008e                __vector_14
                0x0000008e                __vector_10
                0x0000008e                __vector_16
                0x0000008e                __vector_18
                0x0000008e                __vector_20
 .text          0x00000092        0x0 ./MCAL/ATMEGA32/UART/UART_program.o
 .text          0x00000092        0x0 ./MCAL/ATMEGA32/TWI/TWI_prog.o
 .text          0x00000092        0x0 ./MCAL/ATMEGA32/TMR/TMR_program.o
 .text          0x00000092        0x0 ./MCAL/ATMEGA32/PWM/PWM_program.o
 .text          0x00000092        0x0 ./MCAL/ATMEGA32/GIE/GIE_program.o
 .text          0x00000092        0x0 ./MCAL/ATMEGA32/EXTI/EXTI_program.o
 .text          0x00000092        0x0 ./MCAL/ATMEGA32/DIO/DIO_program.o
 .text          0x00000092        0x0 ./HAL/SERVO/servo_program.o
 .text          0x00000092        0x0 ./HAL/PBD/PBD_program.o
 .text          0x00000092        0x0 ./HAL/LED/led_program.o
 .text          0x00000092        0x0 ./HAL/EEPROM/EEPROM_program.o
 .text          0x00000092        0x0 ./HAL/BUZZER/buzzer_program.o
 .text          0x00000092        0x0 ./Application/application.o
 .text          0x00000092        0x0 ./main.o
 .text          0x00000092        0x0 c:/winavr-20100110/bin/../lib/gcc/avr/4.3.3/avr5\libgcc.a(_exit.o)
 .text          0x00000092        0x0 c:/winavr-20100110/bin/../lib/gcc/avr/4.3.3/avr5\libgcc.a(_copy_data.o)
 .text          0x00000092        0x0 c:/winavr-20100110/bin/../lib/gcc/avr/4.3.3/avr5\libgcc.a(_clear_bss.o)
 .text          0x00000092       0x58 c:/winavr-20100110/bin/../lib/gcc/avr/4.3.3/avr5\libgcc.a(_fixunssfsi.o)
                0x00000092                __fixunssfsi
 .text          0x000000ea      0x354 c:/winavr-20100110/bin/../lib/gcc/avr/4.3.3/avr5\libgcc.a(_addsub_sf.o)
                0x00000382                __subsf3
                0x000003e4                __addsf3
 .text          0x0000043e      0x1f4 c:/winavr-20100110/bin/../lib/gcc/avr/4.3.3/avr5\libgcc.a(_mul_sf.o)
                0x0000043e                __mulsf3
 .text          0x00000632       0x60 c:/winavr-20100110/bin/../lib/gcc/avr/4.3.3/avr5\libgcc.a(_gt_sf.o)
                0x00000632                __gtsf2
 .text          0x00000692       0x60 c:/winavr-20100110/bin/../lib/gcc/avr/4.3.3/avr5\libgcc.a(_ge_sf.o)
                0x00000692                __gesf2
 .text          0x000006f2       0x60 c:/winavr-20100110/bin/../lib/gcc/avr/4.3.3/avr5\libgcc.a(_lt_sf.o)
                0x000006f2                __ltsf2
 .text          0x00000752       0xa8 c:/winavr-20100110/bin/../lib/gcc/avr/4.3.3/avr5\libgcc.a(_sf_to_si.o)
                0x00000752                __fixsfsi
 .text          0x000007fa        0x0 c:/winavr-20100110/bin/../lib/gcc/avr/4.3.3/avr5\libgcc.a(_thenan_sf.o)
 .text          0x000007fa        0x0 c:/winavr-20100110/bin/../lib/gcc/avr/4.3.3/avr5\libgcc.a(_prologue.o)
 .text          0x000007fa        0x0 c:/winavr-20100110/bin/../lib/gcc/avr/4.3.3/avr5\libgcc.a(_epilogue.o)
 .text          0x000007fa      0x1aa c:/winavr-20100110/bin/../lib/gcc/avr/4.3.3/avr5\libgcc.a(_pack_sf.o)
                0x000007fa                __pack_f
 .text          0x000009a4       0xf0 c:/winavr-20100110/bin/../lib/gcc/avr/4.3.3/avr5\libgcc.a(_unpack_sf.o)
                0x000009a4                __unpack_f
 .text          0x00000a94       0xb2 c:/winavr-20100110/bin/../lib/gcc/avr/4.3.3/avr5\libgcc.a(_fpcmp_parts_sf.o)
                0x00000a94                __fpcmp_parts_f
                0x00000b46                . = ALIGN (0x2)
 *(.text.*)
 .text.UART_vInit
                0x00000b46      0x2dc ./MCAL/ATMEGA32/UART/UART_program.o
                0x00000b46                UART_vInit
 .text.UART_vEnable
                0x00000e22       0x34 ./MCAL/ATMEGA32/UART/UART_program.o
                0x00000e22                UART_vEnable
 .text.UART_vDisable
                0x00000e56       0x34 ./MCAL/ATMEGA32/UART/UART_program.o
                0x00000e56                UART_vDisable
 .text.UART_vSendData
                0x00000e8a       0x34 ./MCAL/ATMEGA32/UART/UART_program.o
                0x00000e8a                UART_vSendData
 .text.UART_u8ReceiveData
                0x00000ebe       0x3a ./MCAL/ATMEGA32/UART/UART_program.o
                0x00000ebe                UART_u8ReceiveData
 .text.UART_vSendString
                0x00000ef8       0x3a ./MCAL/ATMEGA32/UART/UART_program.o
                0x00000ef8                UART_vSendString
 .text.TWI_vInit
                0x00000f32       0x44 ./MCAL/ATMEGA32/TWI/TWI_prog.o
                0x00000f32                TWI_vInit
 .text.TWI_vStart
                0x00000f76       0x20 ./MCAL/ATMEGA32/TWI/TWI_prog.o
                0x00000f76                TWI_vStart
 .text.TWI_vStop
                0x00000f96       0x16 ./MCAL/ATMEGA32/TWI/TWI_prog.o
                0x00000f96                TWI_vStop
 .text.TWI_vWriteData
                0x00000fac       0x2e ./MCAL/ATMEGA32/TWI/TWI_prog.o
                0x00000fac                TWI_vWriteData
 .text.TWI_u8ReadWithAck
                0x00000fda       0x4c ./MCAL/ATMEGA32/TWI/TWI_prog.o
                0x00000fda                TWI_u8ReadWithAck
 .text.TWI_u8ReadWithNoAck
                0x00001026       0x3e ./MCAL/ATMEGA32/TWI/TWI_prog.o
                0x00001026                TWI_u8ReadWithNoAck
 .text.TWI_u8GetStatus
                0x00001064       0x1e ./MCAL/ATMEGA32/TWI/TWI_prog.o
                0x00001064                TWI_u8GetStatus
 .text.TMR_vInit
                0x00001082      0x538 ./MCAL/ATMEGA32/TMR/TMR_program.o
                0x00001082                TMR_vInit
 .text.TMR_vStartTimer
                0x000015ba      0x364 ./MCAL/ATMEGA32/TMR/TMR_program.o
                0x000015ba                TMR_vStartTimer
 .text.TMR_vStop
                0x0000191e       0x8c ./MCAL/ATMEGA32/TMR/TMR_program.o
                0x0000191e                TMR_vStop
 .text.TMR_vSetICRValue
                0x000019aa       0x48 ./MCAL/ATMEGA32/TMR/TMR_program.o
                0x000019aa                TMR_vSetICRValue
 .text.TMR_vSetOCRValue
                0x000019f2       0x88 ./MCAL/ATMEGA32/TMR/TMR_program.o
                0x000019f2                TMR_vSetOCRValue
 .text.PWM_vInit
                0x00001a7a      0x882 ./MCAL/ATMEGA32/PWM/PWM_program.o
                0x00001a7a                PWM_vInit
 .text.PWM_vSetICR
                0x000022fc       0x48 ./MCAL/ATMEGA32/PWM/PWM_program.o
                0x000022fc                PWM_vSetICR
 .text.PWM_vSetOCR
                0x00002344       0x88 ./MCAL/ATMEGA32/PWM/PWM_program.o
                0x00002344                PWM_vSetOCR
 .text.PWM_vStart
                0x000023cc      0x364 ./MCAL/ATMEGA32/PWM/PWM_program.o
                0x000023cc                PWM_vStart
 .text.PWM_vStop
                0x00002730       0x8c ./MCAL/ATMEGA32/PWM/PWM_program.o
                0x00002730                PWM_vStop
 .text.GIE_vEnableInterrupts
                0x000027bc       0x1c ./MCAL/ATMEGA32/GIE/GIE_program.o
                0x000027bc                GIE_vEnableInterrupts
 .text.GIE_vDisableInterrupts
                0x000027d8       0x1c ./MCAL/ATMEGA32/GIE/GIE_program.o
                0x000027d8                GIE_vDisableInterrupts
 .text.EXTI_vEnableEXTI
                0x000027f4      0x1e6 ./MCAL/ATMEGA32/EXTI/EXTI_program.o
                0x000027f4                EXTI_vEnableEXTI
 .text.EXTI_vDisableEXTI
                0x000029da       0x76 ./MCAL/ATMEGA32/EXTI/EXTI_program.o
                0x000029da                EXTI_vDisableEXTI
 .text.DIO_vPinInit
                0x00002a50       0x36 ./MCAL/ATMEGA32/DIO/DIO_program.o
                0x00002a50                DIO_vPinInit
 .text.DIO_vSetPinDir
                0x00002a86      0x200 ./MCAL/ATMEGA32/DIO/DIO_program.o
                0x00002a86                DIO_vSetPinDir
 .text.DIO_vSetPinValue
                0x00002c86      0x200 ./MCAL/ATMEGA32/DIO/DIO_program.o
                0x00002c86                DIO_vSetPinValue
 .text.DIO_u8ReadPinValue
                0x00002e86       0xf4 ./MCAL/ATMEGA32/DIO/DIO_program.o
                0x00002e86                DIO_u8ReadPinValue
 .text.DIO_vTogglePinValue
                0x00002f7a       0xfa ./MCAL/ATMEGA32/DIO/DIO_program.o
                0x00002f7a                DIO_vTogglePinValue
 .text.DIO_vSetGroupDir
                0x00003074       0xf2 ./MCAL/ATMEGA32/DIO/DIO_program.o
                0x00003074                DIO_vSetGroupDir
 .text.DIO_vSetGroupValue
                0x00003166       0xa6 ./MCAL/ATMEGA32/DIO/DIO_program.o
                0x00003166                DIO_vSetGroupValue
 .text.DIO_u8ReadGroupValue
                0x0000320c       0x84 ./MCAL/ATMEGA32/DIO/DIO_program.o
                0x0000320c                DIO_u8ReadGroupValue
 .text.DIO_vSet4LSBDir
                0x00003290      0x12e ./MCAL/ATMEGA32/DIO/DIO_program.o
                0x00003290                DIO_vSet4LSBDir
 .text.DIO_vSet4MSBDir
                0x000033be      0x12e ./MCAL/ATMEGA32/DIO/DIO_program.o
                0x000033be                DIO_vSet4MSBDir
 .text.DIO_vSet4LSBValue
                0x000034ec       0xba ./MCAL/ATMEGA32/DIO/DIO_program.o
                0x000034ec                DIO_vSet4LSBValue
 .text.DIO_vSet4MSBValue
                0x000035a6       0xba ./MCAL/ATMEGA32/DIO/DIO_program.o
                0x000035a6                DIO_vSet4MSBValue
 .text.SERVO_vInit
                0x00003660       0x70 ./HAL/SERVO/servo_program.o
                0x00003660                SERVO_vInit
 .text.SERVO_vChangeDirection
                0x000036d0       0x84 ./HAL/SERVO/servo_program.o
                0x000036d0                SERVO_vChangeDirection
 .text.SERVO_vStart
                0x00003754       0x20 ./HAL/SERVO/servo_program.o
                0x00003754                SERVO_vStart
 .text.SERVO_vStop
                0x00003774       0x20 ./HAL/SERVO/servo_program.o
                0x00003774                SERVO_vStop
 .text.PBD_vInit
                0x00003794       0x96 ./HAL/PBD/PBD_program.o
                0x00003794                PBD_vInit
 .text.PBD_vGetButtonState
                0x0000382a       0xc4 ./HAL/PBD/PBD_program.o
                0x0000382a                PBD_vGetButtonState
 .text.LED_vInit
                0x000038ee       0x8a ./HAL/LED/led_program.o
                0x000038ee                LED_vInit
 .text.LED_vTurnOn
                0x00003978       0x48 ./HAL/LED/led_program.o
                0x00003978                LED_vTurnOn
 .text.LED_vTurnOff
                0x000039c0       0x48 ./HAL/LED/led_program.o
                0x000039c0                LED_vTurnOff
 .text.LED_vToggle
                0x00003a08       0x44 ./HAL/LED/led_program.o
                0x00003a08                LED_vToggle
 .text.EEPROM_vinit
                0x00003a4c       0x12 ./HAL/EEPROM/EEPROM_program.o
                0x00003a4c                EEPROM_vinit
 .text.EEPROM_u8WriteByte
                0x00003a5e       0x76 ./HAL/EEPROM/EEPROM_program.o
                0x00003a5e                EEPROM_u8WriteByte
 .text.EEPROM_u8ReadByte
                0x00003ad4       0x98 ./HAL/EEPROM/EEPROM_program.o
                0x00003ad4                EEPROM_u8ReadByte
 .text.BUZZER_vInit
                0x00003b6c       0x3a ./HAL/BUZZER/buzzer_program.o
                0x00003b6c                BUZZER_vInit
 .text.BUZZER_vShortBeep
                0x00003ba6       0x7e ./HAL/BUZZER/buzzer_program.o
                0x00003ba6                BUZZER_vShortBeep
 .text.BUZZER_vLongBeep
                0x00003c24       0xa0 ./HAL/BUZZER/buzzer_program.o
                0x00003c24                BUZZER_vLongBeep
 .text.app_vInit
                0x00003cc4       0x46 ./Application/application.o
                0x00003cc4                app_vInit
 .text.app_vMain
                0x00003d0a       0x16 ./Application/application.o
                0x00003d0a                app_vMain
 .text.main     0x00003d20      0x562 ./Application/application.o
                0x00003d20                main
 .text.libgcc   0x00004282        0x0 c:/winavr-20100110/bin/../lib/gcc/avr/4.3.3/avr5\libgcc.a(_exit.o)
 .text.libgcc   0x00004282        0x0 c:/winavr-20100110/bin/../lib/gcc/avr/4.3.3/avr5\libgcc.a(_copy_data.o)
 .text.libgcc   0x00004282        0x0 c:/winavr-20100110/bin/../lib/gcc/avr/4.3.3/avr5\libgcc.a(_clear_bss.o)
 .text.libgcc   0x00004282       0x38 c:/winavr-20100110/bin/../lib/gcc/avr/4.3.3/avr5\libgcc.a(_prologue.o)
                0x00004282                __prologue_saves__
 .text.libgcc   0x000042ba       0x36 c:/winavr-20100110/bin/../lib/gcc/avr/4.3.3/avr5\libgcc.a(_epilogue.o)
                0x000042ba                __epilogue_restores__
                0x000042f0                . = ALIGN (0x2)
 *(.fini9)
 .fini9         0x000042f0        0x0 c:/winavr-20100110/bin/../lib/gcc/avr/4.3.3/avr5\libgcc.a(_exit.o)
                0x000042f0                exit
                0x000042f0                _exit
 *(.fini9)
 *(.fini8)
 *(.fini8)
 *(.fini7)
 *(.fini7)
 *(.fini6)
 *(.fini6)
 *(.fini5)
 *(.fini5)
 *(.fini4)
 *(.fini4)
 *(.fini3)
 *(.fini3)
 *(.fini2)
 *(.fini2)
 *(.fini1)
 *(.fini1)
 *(.fini0)
 .fini0         0x000042f0        0x4 c:/winavr-20100110/bin/../lib/gcc/avr/4.3.3/avr5\libgcc.a(_exit.o)
 *(.fini0)
                0x000042f4                _etext = .

.data           0x00800060       0x24 load address 0x000042f4
                0x00800060                PROVIDE (__data_start, .)
 *(.data)
 .data          0x00800060        0x0 c:/winavr-20100110/bin/../lib/gcc/avr/4.3.3/../../../../avr/lib/avr5/crtm32.o
 .data          0x00800060        0x0 ./MCAL/ATMEGA32/UART/UART_program.o
 .data          0x00800060        0x0 ./MCAL/ATMEGA32/TWI/TWI_prog.o
 .data          0x00800060        0x0 ./MCAL/ATMEGA32/TMR/TMR_program.o
 .data          0x00800060        0x0 ./MCAL/ATMEGA32/PWM/PWM_program.o
 .data          0x00800060        0x0 ./MCAL/ATMEGA32/GIE/GIE_program.o
 .data          0x00800060        0x0 ./MCAL/ATMEGA32/EXTI/EXTI_program.o
 .data          0x00800060        0x0 ./MCAL/ATMEGA32/DIO/DIO_program.o
 .data          0x00800060        0x0 ./HAL/SERVO/servo_program.o
 .data          0x00800060        0x0 ./HAL/PBD/PBD_program.o
 .data          0x00800060        0x0 ./HAL/LED/led_program.o
 .data          0x00800060        0x0 ./HAL/EEPROM/EEPROM_program.o
 .data          0x00800060        0x0 ./HAL/BUZZER/buzzer_program.o
 .data          0x00800060        0x0 ./Application/application.o
 .data          0x00800060        0x0 ./main.o
 .data          0x00800060        0x0 c:/winavr-20100110/bin/../lib/gcc/avr/4.3.3/avr5\libgcc.a(_exit.o)
 .data          0x00800060        0x0 c:/winavr-20100110/bin/../lib/gcc/avr/4.3.3/avr5\libgcc.a(_copy_data.o)
 .data          0x00800060        0x0 c:/winavr-20100110/bin/../lib/gcc/avr/4.3.3/avr5\libgcc.a(_clear_bss.o)
 .data          0x00800060        0x0 c:/winavr-20100110/bin/../lib/gcc/avr/4.3.3/avr5\libgcc.a(_fixunssfsi.o)
 .data          0x00800060        0x0 c:/winavr-20100110/bin/../lib/gcc/avr/4.3.3/avr5\libgcc.a(_addsub_sf.o)
 .data          0x00800060        0x0 c:/winavr-20100110/bin/../lib/gcc/avr/4.3.3/avr5\libgcc.a(_mul_sf.o)
 .data          0x00800060        0x0 c:/winavr-20100110/bin/../lib/gcc/avr/4.3.3/avr5\libgcc.a(_gt_sf.o)
 .data          0x00800060        0x0 c:/winavr-20100110/bin/../lib/gcc/avr/4.3.3/avr5\libgcc.a(_ge_sf.o)
 .data          0x00800060        0x0 c:/winavr-20100110/bin/../lib/gcc/avr/4.3.3/avr5\libgcc.a(_lt_sf.o)
 .data          0x00800060        0x0 c:/winavr-20100110/bin/../lib/gcc/avr/4.3.3/avr5\libgcc.a(_sf_to_si.o)
 .data          0x00800060        0x8 c:/winavr-20100110/bin/../lib/gcc/avr/4.3.3/avr5\libgcc.a(_thenan_sf.o)
                0x00800060                __thenan_sf
 .data          0x00800068        0x0 c:/winavr-20100110/bin/../lib/gcc/avr/4.3.3/avr5\libgcc.a(_prologue.o)
 .data          0x00800068        0x0 c:/winavr-20100110/bin/../lib/gcc/avr/4.3.3/avr5\libgcc.a(_epilogue.o)
 .data          0x00800068        0x0 c:/winavr-20100110/bin/../lib/gcc/avr/4.3.3/avr5\libgcc.a(_pack_sf.o)
 .data          0x00800068        0x0 c:/winavr-20100110/bin/../lib/gcc/avr/4.3.3/avr5\libgcc.a(_unpack_sf.o)
 .data          0x00800068        0x0 c:/winavr-20100110/bin/../lib/gcc/avr/4.3.3/avr5\libgcc.a(_fpcmp_parts_sf.o)
 *(.data*)
 .data.PB_OnOff
                0x00800068        0x1 ./Application/application.o
                0x00800068                PB_OnOff
 .data.RED_LED  0x00800069        0x1 ./Application/application.o
                0x00800069                RED_LED
 .data.YELLOW_LED
                0x0080006a        0x1 ./Application/application.o
                0x0080006a                YELLOW_LED
 .data.GREEN_LED
                0x0080006b        0x1 ./Application/application.o
                0x0080006b                GREEN_LED
 .data.UART1    0x0080006c        0x9 ./Application/application.o
                0x0080006c                UART1
 .data.SERVO1   0x00800075        0xd ./Application/application.o
                0x00800075                SERVO1
 .data.BUZZ1    0x00800082        0x1 ./Application/application.o
                0x00800082                BUZZ1
 *(.rodata)
 *(.rodata*)
 *(.gnu.linkonce.d*)
                0x00800084                . = ALIGN (0x2)
 *fill*         0x00800083        0x1 00
                0x00800084                _edata = .
                0x00800084                PROVIDE (__data_end, .)

.bss            0x00800084       0x65
                0x00800084                PROVIDE (__bss_start, .)
 *(.bss)
 .bss           0x00800084        0x0 c:/winavr-20100110/bin/../lib/gcc/avr/4.3.3/../../../../avr/lib/avr5/crtm32.o
 .bss           0x00800084        0x0 ./MCAL/ATMEGA32/UART/UART_program.o
 .bss           0x00800084        0x0 ./MCAL/ATMEGA32/TWI/TWI_prog.o
 .bss           0x00800084        0x0 ./MCAL/ATMEGA32/TMR/TMR_program.o
 .bss           0x00800084        0x0 ./MCAL/ATMEGA32/PWM/PWM_program.o
 .bss           0x00800084        0x0 ./MCAL/ATMEGA32/GIE/GIE_program.o
 .bss           0x00800084        0x0 ./MCAL/ATMEGA32/EXTI/EXTI_program.o
 .bss           0x00800084        0x0 ./MCAL/ATMEGA32/DIO/DIO_program.o
 .bss           0x00800084        0x0 ./HAL/SERVO/servo_program.o
 .bss           0x00800084        0x0 ./HAL/PBD/PBD_program.o
 .bss           0x00800084        0x0 ./HAL/LED/led_program.o
 .bss           0x00800084        0x0 ./HAL/EEPROM/EEPROM_program.o
 .bss           0x00800084        0x0 ./HAL/BUZZER/buzzer_program.o
 .bss           0x00800084        0x0 ./Application/application.o
 .bss           0x00800084        0x0 ./main.o
 .bss           0x00800084        0x0 c:/winavr-20100110/bin/../lib/gcc/avr/4.3.3/avr5\libgcc.a(_exit.o)
 .bss           0x00800084        0x0 c:/winavr-20100110/bin/../lib/gcc/avr/4.3.3/avr5\libgcc.a(_copy_data.o)
 .bss           0x00800084        0x0 c:/winavr-20100110/bin/../lib/gcc/avr/4.3.3/avr5\libgcc.a(_clear_bss.o)
 .bss           0x00800084        0x0 c:/winavr-20100110/bin/../lib/gcc/avr/4.3.3/avr5\libgcc.a(_fixunssfsi.o)
 .bss           0x00800084        0x0 c:/winavr-20100110/bin/../lib/gcc/avr/4.3.3/avr5\libgcc.a(_addsub_sf.o)
 .bss           0x00800084        0x0 c:/winavr-20100110/bin/../lib/gcc/avr/4.3.3/avr5\libgcc.a(_mul_sf.o)
 .bss           0x00800084        0x0 c:/winavr-20100110/bin/../lib/gcc/avr/4.3.3/avr5\libgcc.a(_gt_sf.o)
 .bss           0x00800084        0x0 c:/winavr-20100110/bin/../lib/gcc/avr/4.3.3/avr5\libgcc.a(_ge_sf.o)
 .bss           0x00800084        0x0 c:/winavr-20100110/bin/../lib/gcc/avr/4.3.3/avr5\libgcc.a(_lt_sf.o)
 .bss           0x00800084        0x0 c:/winavr-20100110/bin/../lib/gcc/avr/4.3.3/avr5\libgcc.a(_sf_to_si.o)
 .bss           0x00800084        0x0 c:/winavr-20100110/bin/../lib/gcc/avr/4.3.3/avr5\libgcc.a(_thenan_sf.o)
 .bss           0x00800084        0x0 c:/winavr-20100110/bin/../lib/gcc/avr/4.3.3/avr5\libgcc.a(_prologue.o)
 .bss           0x00800084        0x0 c:/winavr-20100110/bin/../lib/gcc/avr/4.3.3/avr5\libgcc.a(_epilogue.o)
 .bss           0x00800084        0x0 c:/winavr-20100110/bin/../lib/gcc/avr/4.3.3/avr5\libgcc.a(_pack_sf.o)
 .bss           0x00800084        0x0 c:/winavr-20100110/bin/../lib/gcc/avr/4.3.3/avr5\libgcc.a(_unpack_sf.o)
 .bss           0x00800084        0x0 c:/winavr-20100110/bin/../lib/gcc/avr/4.3.3/avr5\libgcc.a(_fpcmp_parts_sf.o)
 *(.bss*)
 .bss.Current_State
                0x00800084        0x1 ./Application/application.o
 *(COMMON)
 COMMON         0x00800085       0x64 ./Application/application.o
                0x00800085                Entered_Password
                0x008000b7                Entered_Username
                0x008000e9                PROVIDE (__bss_end, .)
                0x000042f4                __data_load_start = LOADADDR (.data)
                0x00004318                __data_load_end = (__data_load_start + SIZEOF (.data))

.noinit         0x008000e9        0x0
                0x008000e9                PROVIDE (__noinit_start, .)
 *(.noinit*)
                0x008000e9                PROVIDE (__noinit_end, .)
                0x008000e9                _end = .
                0x008000e9                PROVIDE (__heap_start, .)

.eeprom         0x00810000        0x0
 *(.eeprom*)
                0x00810000                __eeprom_end = .

.fuse
 *(.fuse)
 *(.lfuse)
 *(.hfuse)
 *(.efuse)

.lock
 *(.lock*)

.signature
 *(.signature*)

.stab           0x00000000     0x51c0
 *(.stab)
 .stab          0x00000000      0x6f0 ./MCAL/ATMEGA32/UART/UART_program.o
 .stab          0x000006f0      0x4c8 ./MCAL/ATMEGA32/TWI/TWI_prog.o
                                0x4d4 (size before relaxing)
 .stab          0x00000bb8      0x960 ./MCAL/ATMEGA32/TMR/TMR_program.o
                                0x96c (size before relaxing)
 .stab          0x00001518      0xc3c ./MCAL/ATMEGA32/PWM/PWM_program.o
                                0xc48 (size before relaxing)
 .stab          0x00002154      0x1e0 ./MCAL/ATMEGA32/GIE/GIE_program.o
                                0x1ec (size before relaxing)
 .stab          0x00002334      0x3d8 ./MCAL/ATMEGA32/EXTI/EXTI_program.o
                                0x3e4 (size before relaxing)
 .stab          0x0000270c      0x984 ./MCAL/ATMEGA32/DIO/DIO_program.o
                                0x990 (size before relaxing)
 .stab          0x00003090      0x444 ./HAL/SERVO/servo_program.o
                                0x450 (size before relaxing)
 .stab          0x000034d4      0x3cc ./HAL/PBD/PBD_program.o
                                0x3d8 (size before relaxing)
 .stab          0x000038a0      0x348 ./HAL/LED/led_program.o
                                0x354 (size before relaxing)
 .stab          0x00003be8      0x498 ./HAL/EEPROM/EEPROM_program.o
                                0x4a4 (size before relaxing)
 .stab          0x00004080      0x318 ./HAL/BUZZER/buzzer_program.o
                                0x324 (size before relaxing)
 .stab          0x00004398      0xd50 ./Application/application.o
                                0xd5c (size before relaxing)
 .stab          0x000050e8       0xd8 ./main.o
                                 0xe4 (size before relaxing)

.stabstr        0x00000000     0x4de5
 *(.stabstr)
 .stabstr       0x00000000     0x4de5 ./MCAL/ATMEGA32/UART/UART_program.o

.stab.excl
 *(.stab.excl)

.stab.exclstr
 *(.stab.exclstr)

.stab.index
 *(.stab.index)

.stab.indexstr
 *(.stab.indexstr)

.comment
 *(.comment)

.debug
 *(.debug)

.line
 *(.line)

.debug_srcinfo
 *(.debug_srcinfo)

.debug_sfnames
 *(.debug_sfnames)

.debug_aranges  0x00000000      0x140
 *(.debug_aranges)
 .debug_aranges
                0x00000000       0x20 c:/winavr-20100110/bin/../lib/gcc/avr/4.3.3/avr5\libgcc.a(_fixunssfsi.o)
 .debug_aranges
                0x00000020       0x20 c:/winavr-20100110/bin/../lib/gcc/avr/4.3.3/avr5\libgcc.a(_addsub_sf.o)
 .debug_aranges
                0x00000040       0x20 c:/winavr-20100110/bin/../lib/gcc/avr/4.3.3/avr5\libgcc.a(_mul_sf.o)
 .debug_aranges
                0x00000060       0x20 c:/winavr-20100110/bin/../lib/gcc/avr/4.3.3/avr5\libgcc.a(_gt_sf.o)
 .debug_aranges
                0x00000080       0x20 c:/winavr-20100110/bin/../lib/gcc/avr/4.3.3/avr5\libgcc.a(_ge_sf.o)
 .debug_aranges
                0x000000a0       0x20 c:/winavr-20100110/bin/../lib/gcc/avr/4.3.3/avr5\libgcc.a(_lt_sf.o)
 .debug_aranges
                0x000000c0       0x20 c:/winavr-20100110/bin/../lib/gcc/avr/4.3.3/avr5\libgcc.a(_sf_to_si.o)
 .debug_aranges
                0x000000e0       0x20 c:/winavr-20100110/bin/../lib/gcc/avr/4.3.3/avr5\libgcc.a(_pack_sf.o)
 .debug_aranges
                0x00000100       0x20 c:/winavr-20100110/bin/../lib/gcc/avr/4.3.3/avr5\libgcc.a(_unpack_sf.o)
 .debug_aranges
                0x00000120       0x20 c:/winavr-20100110/bin/../lib/gcc/avr/4.3.3/avr5\libgcc.a(_fpcmp_parts_sf.o)

.debug_pubnames
                0x00000000      0x170
 *(.debug_pubnames)
 .debug_pubnames
                0x00000000       0x23 c:/winavr-20100110/bin/../lib/gcc/avr/4.3.3/avr5\libgcc.a(_fixunssfsi.o)
 .debug_pubnames
                0x00000023       0x2c c:/winavr-20100110/bin/../lib/gcc/avr/4.3.3/avr5\libgcc.a(_addsub_sf.o)
 .debug_pubnames
                0x0000004f       0x1f c:/winavr-20100110/bin/../lib/gcc/avr/4.3.3/avr5\libgcc.a(_mul_sf.o)
 .debug_pubnames
                0x0000006e       0x1e c:/winavr-20100110/bin/../lib/gcc/avr/4.3.3/avr5\libgcc.a(_gt_sf.o)
 .debug_pubnames
                0x0000008c       0x1e c:/winavr-20100110/bin/../lib/gcc/avr/4.3.3/avr5\libgcc.a(_ge_sf.o)
 .debug_pubnames
                0x000000aa       0x1e c:/winavr-20100110/bin/../lib/gcc/avr/4.3.3/avr5\libgcc.a(_lt_sf.o)
 .debug_pubnames
                0x000000c8       0x20 c:/winavr-20100110/bin/../lib/gcc/avr/4.3.3/avr5\libgcc.a(_sf_to_si.o)
 .debug_pubnames
                0x000000e8       0x22 c:/winavr-20100110/bin/../lib/gcc/avr/4.3.3/avr5\libgcc.a(_thenan_sf.o)
 .debug_pubnames
                0x0000010a       0x1f c:/winavr-20100110/bin/../lib/gcc/avr/4.3.3/avr5\libgcc.a(_pack_sf.o)
 .debug_pubnames
                0x00000129       0x21 c:/winavr-20100110/bin/../lib/gcc/avr/4.3.3/avr5\libgcc.a(_unpack_sf.o)
 .debug_pubnames
                0x0000014a       0x26 c:/winavr-20100110/bin/../lib/gcc/avr/4.3.3/avr5\libgcc.a(_fpcmp_parts_sf.o)

.debug_info     0x00000000     0x1c49
 *(.debug_info)
 .debug_info    0x00000000       0xb1 c:/winavr-20100110/bin/../lib/gcc/avr/4.3.3/avr5\libgcc.a(_fixunssfsi.o)
 .debug_info    0x000000b1      0x47a c:/winavr-20100110/bin/../lib/gcc/avr/4.3.3/avr5\libgcc.a(_addsub_sf.o)
 .debug_info    0x0000052b      0x485 c:/winavr-20100110/bin/../lib/gcc/avr/4.3.3/avr5\libgcc.a(_mul_sf.o)
 .debug_info    0x000009b0      0x27f c:/winavr-20100110/bin/../lib/gcc/avr/4.3.3/avr5\libgcc.a(_gt_sf.o)
 .debug_info    0x00000c2f      0x27f c:/winavr-20100110/bin/../lib/gcc/avr/4.3.3/avr5\libgcc.a(_ge_sf.o)
 .debug_info    0x00000eae      0x27f c:/winavr-20100110/bin/../lib/gcc/avr/4.3.3/avr5\libgcc.a(_lt_sf.o)
 .debug_info    0x0000112d      0x2b0 c:/winavr-20100110/bin/../lib/gcc/avr/4.3.3/avr5\libgcc.a(_sf_to_si.o)
 .debug_info    0x000013dd      0x12c c:/winavr-20100110/bin/../lib/gcc/avr/4.3.3/avr5\libgcc.a(_thenan_sf.o)
 .debug_info    0x00001509      0x2df c:/winavr-20100110/bin/../lib/gcc/avr/4.3.3/avr5\libgcc.a(_pack_sf.o)
 .debug_info    0x000017e8      0x251 c:/winavr-20100110/bin/../lib/gcc/avr/4.3.3/avr5\libgcc.a(_unpack_sf.o)
 .debug_info    0x00001a39      0x210 c:/winavr-20100110/bin/../lib/gcc/avr/4.3.3/avr5\libgcc.a(_fpcmp_parts_sf.o)
 *(.gnu.linkonce.wi.*)

.debug_abbrev   0x00000000      0xeeb
 *(.debug_abbrev)
 .debug_abbrev  0x00000000       0x5d c:/winavr-20100110/bin/../lib/gcc/avr/4.3.3/avr5\libgcc.a(_fixunssfsi.o)
 .debug_abbrev  0x0000005d      0x1ea c:/winavr-20100110/bin/../lib/gcc/avr/4.3.3/avr5\libgcc.a(_addsub_sf.o)
 .debug_abbrev  0x00000247      0x21b c:/winavr-20100110/bin/../lib/gcc/avr/4.3.3/avr5\libgcc.a(_mul_sf.o)
 .debug_abbrev  0x00000462      0x15a c:/winavr-20100110/bin/../lib/gcc/avr/4.3.3/avr5\libgcc.a(_gt_sf.o)
 .debug_abbrev  0x000005bc      0x15a c:/winavr-20100110/bin/../lib/gcc/avr/4.3.3/avr5\libgcc.a(_ge_sf.o)
 .debug_abbrev  0x00000716      0x15a c:/winavr-20100110/bin/../lib/gcc/avr/4.3.3/avr5\libgcc.a(_lt_sf.o)
 .debug_abbrev  0x00000870      0x17f c:/winavr-20100110/bin/../lib/gcc/avr/4.3.3/avr5\libgcc.a(_sf_to_si.o)
 .debug_abbrev  0x000009ef       0xad c:/winavr-20100110/bin/../lib/gcc/avr/4.3.3/avr5\libgcc.a(_thenan_sf.o)
 .debug_abbrev  0x00000a9c      0x1c0 c:/winavr-20100110/bin/../lib/gcc/avr/4.3.3/avr5\libgcc.a(_pack_sf.o)
 .debug_abbrev  0x00000c5c      0x154 c:/winavr-20100110/bin/../lib/gcc/avr/4.3.3/avr5\libgcc.a(_unpack_sf.o)
 .debug_abbrev  0x00000db0      0x13b c:/winavr-20100110/bin/../lib/gcc/avr/4.3.3/avr5\libgcc.a(_fpcmp_parts_sf.o)

.debug_line     0x00000000      0xdad
 *(.debug_line)
 .debug_line    0x00000000       0xa7 c:/winavr-20100110/bin/../lib/gcc/avr/4.3.3/avr5\libgcc.a(_fixunssfsi.o)
 .debug_line    0x000000a7      0x2af c:/winavr-20100110/bin/../lib/gcc/avr/4.3.3/avr5\libgcc.a(_addsub_sf.o)
 .debug_line    0x00000356      0x239 c:/winavr-20100110/bin/../lib/gcc/avr/4.3.3/avr5\libgcc.a(_mul_sf.o)
 .debug_line    0x0000058f       0xd3 c:/winavr-20100110/bin/../lib/gcc/avr/4.3.3/avr5\libgcc.a(_gt_sf.o)
 .debug_line    0x00000662       0xd3 c:/winavr-20100110/bin/../lib/gcc/avr/4.3.3/avr5\libgcc.a(_ge_sf.o)
 .debug_line    0x00000735       0xd3 c:/winavr-20100110/bin/../lib/gcc/avr/4.3.3/avr5\libgcc.a(_lt_sf.o)
 .debug_line    0x00000808      0x109 c:/winavr-20100110/bin/../lib/gcc/avr/4.3.3/avr5\libgcc.a(_sf_to_si.o)
 .debug_line    0x00000911       0x90 c:/winavr-20100110/bin/../lib/gcc/avr/4.3.3/avr5\libgcc.a(_thenan_sf.o)
 .debug_line    0x000009a1      0x18a c:/winavr-20100110/bin/../lib/gcc/avr/4.3.3/avr5\libgcc.a(_pack_sf.o)
 .debug_line    0x00000b2b      0x14b c:/winavr-20100110/bin/../lib/gcc/avr/4.3.3/avr5\libgcc.a(_unpack_sf.o)
 .debug_line    0x00000c76      0x137 c:/winavr-20100110/bin/../lib/gcc/avr/4.3.3/avr5\libgcc.a(_fpcmp_parts_sf.o)

.debug_frame    0x00000000      0x160
 *(.debug_frame)
 .debug_frame   0x00000000       0x20 c:/winavr-20100110/bin/../lib/gcc/avr/4.3.3/avr5\libgcc.a(_fixunssfsi.o)
 .debug_frame   0x00000020       0x40 c:/winavr-20100110/bin/../lib/gcc/avr/4.3.3/avr5\libgcc.a(_addsub_sf.o)
 .debug_frame   0x00000060       0x20 c:/winavr-20100110/bin/../lib/gcc/avr/4.3.3/avr5\libgcc.a(_mul_sf.o)
 .debug_frame   0x00000080       0x20 c:/winavr-20100110/bin/../lib/gcc/avr/4.3.3/avr5\libgcc.a(_gt_sf.o)
 .debug_frame   0x000000a0       0x20 c:/winavr-20100110/bin/../lib/gcc/avr/4.3.3/avr5\libgcc.a(_ge_sf.o)
 .debug_frame   0x000000c0       0x20 c:/winavr-20100110/bin/../lib/gcc/avr/4.3.3/avr5\libgcc.a(_lt_sf.o)
 .debug_frame   0x000000e0       0x20 c:/winavr-20100110/bin/../lib/gcc/avr/4.3.3/avr5\libgcc.a(_sf_to_si.o)
 .debug_frame   0x00000100       0x20 c:/winavr-20100110/bin/../lib/gcc/avr/4.3.3/avr5\libgcc.a(_pack_sf.o)
 .debug_frame   0x00000120       0x20 c:/winavr-20100110/bin/../lib/gcc/avr/4.3.3/avr5\libgcc.a(_unpack_sf.o)
 .debug_frame   0x00000140       0x20 c:/winavr-20100110/bin/../lib/gcc/avr/4.3.3/avr5\libgcc.a(_fpcmp_parts_sf.o)

.debug_str      0x00000000      0x28d
 *(.debug_str)
 .debug_str     0x00000000       0xbf c:/winavr-20100110/bin/../lib/gcc/avr/4.3.3/avr5\libgcc.a(_fixunssfsi.o)
                                 0xfe (size before relaxing)
 .debug_str     0x000000bf      0x14d c:/winavr-20100110/bin/../lib/gcc/avr/4.3.3/avr5\libgcc.a(_addsub_sf.o)
                                0x206 (size before relaxing)
 .debug_str     0x0000020c       0x27 c:/winavr-20100110/bin/../lib/gcc/avr/4.3.3/avr5\libgcc.a(_mul_sf.o)
                                0x1bf (size before relaxing)
 .debug_str     0x00000233        0xf c:/winavr-20100110/bin/../lib/gcc/avr/4.3.3/avr5\libgcc.a(_gt_sf.o)
                                0x195 (size before relaxing)
 .debug_str     0x00000242        0x8 c:/winavr-20100110/bin/../lib/gcc/avr/4.3.3/avr5\libgcc.a(_ge_sf.o)
                                0x195 (size before relaxing)
 .debug_str     0x0000024a        0x8 c:/winavr-20100110/bin/../lib/gcc/avr/4.3.3/avr5\libgcc.a(_lt_sf.o)
                                0x195 (size before relaxing)
 .debug_str     0x00000252        0xa c:/winavr-20100110/bin/../lib/gcc/avr/4.3.3/avr5\libgcc.a(_sf_to_si.o)
                                0x19e (size before relaxing)
 .debug_str     0x00000000      0x103 c:/winavr-20100110/bin/../lib/gcc/avr/4.3.3/avr5\libgcc.a(_thenan_sf.o)
 .debug_str     0x0000025c       0x16 c:/winavr-20100110/bin/../lib/gcc/avr/4.3.3/avr5\libgcc.a(_pack_sf.o)
                                0x19d (size before relaxing)
 .debug_str     0x00000272        0xb c:/winavr-20100110/bin/../lib/gcc/avr/4.3.3/avr5\libgcc.a(_unpack_sf.o)
                                0x17f (size before relaxing)
 .debug_str     0x0000027d       0x10 c:/winavr-20100110/bin/../lib/gcc/avr/4.3.3/avr5\libgcc.a(_fpcmp_parts_sf.o)
                                0x163 (size before relaxing)

.debug_loc      0x00000000      0x7ce
 *(.debug_loc)
 .debug_loc     0x00000000       0x34 c:/winavr-20100110/bin/../lib/gcc/avr/4.3.3/avr5\libgcc.a(_fixunssfsi.o)
 .debug_loc     0x00000034      0x32a c:/winavr-20100110/bin/../lib/gcc/avr/4.3.3/avr5\libgcc.a(_addsub_sf.o)
 .debug_loc     0x0000035e      0x104 c:/winavr-20100110/bin/../lib/gcc/avr/4.3.3/avr5\libgcc.a(_mul_sf.o)
 .debug_loc     0x00000462       0x3c c:/winavr-20100110/bin/../lib/gcc/avr/4.3.3/avr5\libgcc.a(_gt_sf.o)
 .debug_loc     0x0000049e       0x3c c:/winavr-20100110/bin/../lib/gcc/avr/4.3.3/avr5\libgcc.a(_ge_sf.o)
 .debug_loc     0x000004da       0x3c c:/winavr-20100110/bin/../lib/gcc/avr/4.3.3/avr5\libgcc.a(_lt_sf.o)
 .debug_loc     0x00000516       0x7e c:/winavr-20100110/bin/../lib/gcc/avr/4.3.3/avr5\libgcc.a(_sf_to_si.o)
 .debug_loc     0x00000594      0x13e c:/winavr-20100110/bin/../lib/gcc/avr/4.3.3/avr5\libgcc.a(_pack_sf.o)
 .debug_loc     0x000006d2       0xac c:/winavr-20100110/bin/../lib/gcc/avr/4.3.3/avr5\libgcc.a(_unpack_sf.o)
 .debug_loc     0x0000077e       0x50 c:/winavr-20100110/bin/../lib/gcc/avr/4.3.3/avr5\libgcc.a(_fpcmp_parts_sf.o)

.debug_macinfo
 *(.debug_macinfo)
OUTPUT(Mobile.elf elf32-avr)
LOAD linker stubs

.debug_ranges   0x00000000       0x50
 .debug_ranges  0x00000000       0x50 c:/winavr-20100110/bin/../lib/gcc/avr/4.3.3/avr5\libgcc.a(_mul_sf.o)
